Java HotSpot(TM) 64-Bit Server VM warning: UseCMSCompactAtFullCollection is deprecated and will likely be removed in a future release.
-XX:+CMSClassUnloadingEnabled -XX:CMSInitiatingOccupancyFraction=80 -XX:CompressedClassSpaceSize=67108864 -XX:ConcGCThreads=2 -XX:+DisableExplicitGC -XX:ErrorFile=/chj/data/log/mdm-api/hs_err_pid<pid>.log -XX:+HeapDumpOnOutOfMemoryError -XX:HeapDumpPath=/chj/data/log/mdm-api/dump.prof -XX:InitialHeapSize=6442450944 -XX:MaxDirectMemorySize=134217728 -XX:MaxHeapSize=6442450944 -XX:MaxMetaspaceSize=268435456 -XX:MaxNewSize=2147483648 -XX:MaxTenuringThreshold=6 -XX:MetaspaceSize=268435456 -XX:NewSize=2147483648 -XX:OldPLABSize=16 -XX:+PrintCommandLineFlags -XX:+PrintGC -XX:+PrintGCDateStamps -XX:+PrintGCDetails -XX:+PrintGCTimeStamps -XX:+PrintTenuringDistribution -XX:+UseCMSCompactAtFullCollection -XX:+UseCompressedClassPointers -XX:+UseCompressedOops -XX:+UseConcMarkSweepGC -XX:+UseParNewGC 
[[34mv1[0;39m] [2026-04-19 04:00:11.792] [INFO ] [[35mbackground-preinit[0;39m] [36morg.hibernate.validator.internal.util.Version[0;39m [[34mTID: N/A[0;39m] HV000001: Hibernate Validator 6.1.5.Final
13401 [background-preinit] INFO  o.h.validator.internal.util.Version - HV000001: Hibernate Validator 6.1.5.Final 
[[34mv1[0;39m] [2026-04-19 04:00:12.128] [INFO ] [[35mmain[0;39m] [36mcom.ctrip.framework.foundation.internals.provider.DefaultApplicationProvider[0;39m [[34mTID: N/A[0;39m] App ID is set to mdm-api by app.id property from System Property
13737 [main] INFO  c.c.f.f.i.p.DefaultApplicationProvider - App ID is set to mdm-api by app.id property from System Property 
[[34mv1[0;39m] [2026-04-19 04:00:12.222] [INFO ] [[35mmain[0;39m] [36mcom.ctrip.framework.foundation.internals.provider.DefaultServerProvider[0;39m [[34mTID: N/A[0;39m] Environment is set to [test] by JVM system property 'env'.
13831 [main] INFO  c.c.f.f.i.p.DefaultServerProvider - Environment is set to [test] by JVM system property 'env'. 
[[34mv1[0;39m] [2026-04-19 04:00:12.223] [INFO ] [[35mmain[0;39m] [36mcom.ctrip.framework.foundation.internals.provider.DefaultServerProvider[0;39m [[34mTID: N/A[0;39m] Data Center is set to [cnhbnp01] by OS env variable 'IDC'.
13832 [main] INFO  c.c.f.f.i.p.DefaultServerProvider - Data Center is set to [cnhbnp01] by OS env variable 'IDC'. 
[[34mv1[0;39m] [2026-04-19 04:00:12.368] [INFO ] [[35mmain[0;39m] [36mcom.ctrip.framework.apollo.internals.DefaultMetaServerProvider[0;39m [[34mTID: N/A[0;39m] Located meta services from apollo.meta configuration: http://configserver-test.chj.cloud/!
13977 [main] INFO  c.c.f.a.i.DefaultMetaServerProvider - Located meta services from apollo.meta configuration: http://configserver-test.chj.cloud/! 
[[34mv1[0;39m] [2026-04-19 04:00:12.370] [INFO ] [[35mmain[0;39m] [36mcom.ctrip.framework.apollo.core.MetaDomainConsts[0;39m [[34mTID: N/A[0;39m] Located meta server address http://configserver-test.chj.cloud/ for env TEST from com.ctrip.framework.apollo.internals.DefaultMetaServerProvider
13979 [main] INFO  c.c.f.apollo.core.MetaDomainConsts - Located meta server address http://configserver-test.chj.cloud/ for env TEST from com.ctrip.framework.apollo.internals.DefaultMetaServerProvider 

  .   ____          _            __ _ _
 /\\ / ___'_ __ _ _(_)_ __  __ _ \ \ \ \
( ( )\___ | '_ | '_| | '_ \/ _` | \ \ \ \
 \\/  ___)| |_)| | | | | || (_| |  ) ) ) )
  '  |____| .__|_| |_|_| |_\__, | / / / /
 =========|_|==============|___/=/_/_/_/
 :: Spring Boot ::        (v2.3.3.RELEASE)

[[34mv1[0;39m] [2026-04-19 04:00:15.151] [INFO ] [[35mmain[0;39m] [36mcom.lixiang.platform.mdm.PlatformMdmApplication[0;39m [[34mTID: N/A[0;39m] No active profile set, falling back to default profiles: default
16760 [main] INFO  c.l.p.mdm.PlatformMdmApplication - No active profile set, falling back to default profiles: default 
[[34mv1[0;39m] [2026-04-19 04:00:24.193] [WARN ] [[35mmain[0;39m] [36morg.mybatis.spring.mapper.ClassPathMapperScanner[0;39m [[34mTID: N/A[0;39m] Skipping MapperFactoryBean with name 'com.lixiang.platform.mdm.biz.persistence.AppInfoMapper' and 'com.lixiang.platform.mdm.biz.persistence.AppInfoMapper' mapperInterface. Bean already defined with the same name!
25802 [main] WARN  o.m.s.mapper.ClassPathMapperScanner - Skipping MapperFactoryBean with name 'com.lixiang.platform.mdm.biz.persistence.AppInfoMapper' and 'com.lixiang.platform.mdm.biz.persistence.AppInfoMapper' mapperInterface. Bean already defined with the same name! 
[[34mv1[0;39m] [2026-04-19 04:00:24.194] [WARN ] [[35mmain[0;39m] [36morg.mybatis.spring.mapper.ClassPathMapperScanner[0;39m [[34mTID: N/A[0;39m] Skipping MapperFactoryBean with name 'com.lixiang.platform.mdm.biz.persistence.IcmAreaMapper' and 'com.lixiang.platform.mdm.biz.persistence.IcmAreaMapper' mapperInterface. Bean already defined with the same name!
25803 [main] WARN  o.m.s.mapper.ClassPathMapperScanner - Skipping MapperFactoryBean with name 'com.lixiang.platform.mdm.biz.persistence.IcmAreaMapper' and 'com.lixiang.platform.mdm.biz.persistence.IcmAreaMapper' mapperInterface. Bean already defined with the same name! 
[[34mv1[0;39m] [2026-04-19 04:00:24.194] [WARN ] [[35mmain[0;39m] [36morg.mybatis.spring.mapper.ClassPathMapperScanner[0;39m [[34mTID: N/A[0;39m] Skipping MapperFactoryBean with name 'com.lixiang.platform.mdm.biz.persistence.SapCarBizIdMaterialNumberMappingMapper' and 'com.lixiang.platform.mdm.biz.persistence.SapCarBizIdMaterialNumberMappingMapper' mapperInterface. Bean already defined with the same name!
25803 [main] WARN  o.m.s.mapper.ClassPathMapperScanner - Skipping MapperFactoryBean with name 'com.lixiang.platform.mdm.biz.persistence.SapCarBizIdMaterialNumberMappingMapper' and 'com.lixiang.platform.mdm.biz.persistence.SapCarBizIdMaterialNumberMappingMapper' mapperInterface. Bean already defined with the same name! 
[[34mv1[0;39m] [2026-04-19 04:00:24.194] [WARN ] [[35mmain[0;39m] [36morg.mybatis.spring.mapper.ClassPathMapperScanner[0;39m [[34mTID: N/A[0;39m] Skipping MapperFactoryBean with name 'com.lixiang.platform.mdm.biz.persistence.ProductLevelDictMapper' and 'com.lixiang.platform.mdm.biz.persistence.ProductLevelDictMapper' mapperInterface. Bean already defined with the same name!
25803 [main] WARN  o.m.s.mapper.ClassPathMapperScanner - Skipping MapperFactoryBean with name 'com.lixiang.platform.mdm.biz.persistence.ProductLevelDictMapper' and 'com.lixiang.platform.mdm.biz.persistence.ProductLevelDictMapper' mapperInterface. Bean already defined with the same name! 
[[34mv1[0;39m] [2026-04-19 04:00:24.194] [WARN ] [[35mmain[0;39m] [36morg.mybatis.spring.mapper.ClassPathMapperScanner[0;39m [[34mTID: N/A[0;39m] Skipping MapperFactoryBean with name 'com.lixiang.platform.mdm.biz.persistence.MdmDataSourceConfigMapper' and 'com.lixiang.platform.mdm.biz.persistence.MdmDataSourceConfigMapper' mapperInterface. Bean already defined with the same name!
25803 [main] WARN  o.m.s.mapper.ClassPathMapperScanner - Skipping MapperFactoryBean with name 'com.lixiang.platform.mdm.biz.persistence.MdmDataSourceConfigMapper' and 'com.lixiang.platform.mdm.biz.persistence.MdmDataSourceConfigMapper' mapperInterface. Bean already defined with the same name! 
[[34mv1[0;39m] [2026-04-19 04:00:24.194] [WARN ] [[35mmain[0;39m] [36morg.mybatis.spring.mapper.ClassPathMapperScanner[0;39m [[34mTID: N/A[0;39m] Skipping MapperFactoryBean with name 'com.lixiang.platform.mdm.biz.persistence.PbiProductLevelMapper' and 'com.lixiang.platform.mdm.biz.persistence.PbiProductLevelMapper' mapperInterface. Bean already defined with the same name!
25803 [main] WARN  o.m.s.mapper.ClassPathMapperScanner - Skipping MapperFactoryBean with name 'com.lixiang.platform.mdm.biz.persistence.PbiProductLevelMapper' and 'com.lixiang.platform.mdm.biz.persistence.PbiProductLevelMapper' mapperInterface. Bean already defined with the same name! 
[[34mv1[0;39m] [2026-04-19 04:00:24.195] [WARN ] [[35mmain[0;39m] [36morg.mybatis.spring.mapper.ClassPathMapperScanner[0;39m [[34mTID: N/A[0;39m] Skipping MapperFactoryBean with name 'com.lixiang.platform.mdm.biz.persistence.MdmProductCarLevelMapper' and 'com.lixiang.platform.mdm.biz.persistence.MdmProductCarLevelMapper' mapperInterface. Bean already defined with the same name!
25804 [main] WARN  o.m.s.mapper.ClassPathMapperScanner - Skipping MapperFactoryBean with name 'com.lixiang.platform.mdm.biz.persistence.MdmProductCarLevelMapper' and 'com.lixiang.platform.mdm.biz.persistence.MdmProductCarLevelMapper' mapperInterface. Bean already defined with the same name! 
[[34mv1[0;39m] [2026-04-19 04:00:24.195] [WARN ] [[35mmain[0;39m] [36morg.mybatis.spring.mapper.ClassPathMapperScanner[0;39m [[34mTID: N/A[0;39m] Skipping MapperFactoryBean with name 'com.lixiang.platform.mdm.biz.persistence.PbiProductMapper' and 'com.lixiang.platform.mdm.biz.persistence.PbiProductMapper' mapperInterface. Bean already defined with the same name!
25804 [main] WARN  o.m.s.mapper.ClassPathMapperScanner - Skipping MapperFactoryBean with name 'com.lixiang.platform.mdm.biz.persistence.PbiProductMapper' and 'com.lixiang.platform.mdm.biz.persistence.PbiProductMapper' mapperInterface. Bean already defined with the same name! 
[[34mv1[0;39m] [2026-04-19 04:00:24.195] [WARN ] [[35mmain[0;39m] [36morg.mybatis.spring.mapper.ClassPathMapperScanner[0;39m [[34mTID: N/A[0;39m] Skipping MapperFactoryBean with name 'com.lixiang.platform.mdm.biz.persistence.InterfaceInfoMapper' and 'com.lixiang.platform.mdm.biz.persistence.InterfaceInfoMapper' mapperInterface. Bean already defined with the same name!
25804 [main] WARN  o.m.s.mapper.ClassPathMapperScanner - Skipping MapperFactoryBean with name 'com.lixiang.platform.mdm.biz.persistence.InterfaceInfoMapper' and 'com.lixiang.platform.mdm.biz.persistence.InterfaceInfoMapper' mapperInterface. Bean already defined with the same name! 
[[34mv1[0;39m] [2026-04-19 04:00:24.195] [WARN ] [[35mmain[0;39m] [36morg.mybatis.spring.mapper.ClassPathMapperScanner[0;39m [[34mTID: N/A[0;39m] Skipping MapperFactoryBean with name 'com.lixiang.platform.mdm.biz.persistence.InterRespMapper' and 'com.lixiang.platform.mdm.biz.persistence.InterRespMapper' mapperInterface. Bean already defined with the same name!
25804 [main] WARN  o.m.s.mapper.ClassPathMapperScanner - Skipping MapperFactoryBean with name 'com.lixiang.platform.mdm.biz.persistence.InterRespMapper' and 'com.lixiang.platform.mdm.biz.persistence.InterRespMapper' mapperInterface. Bean already defined with the same name! 
[[34mv1[0;39m] [2026-04-19 04:00:24.195] [WARN ] [[35mmain[0;39m] [36morg.mybatis.spring.mapper.ClassPathMapperScanner[0;39m [[34mTID: N/A[0;39m] Skipping MapperFactoryBean with name 'com.lixiang.platform.mdm.biz.persistence.MdmClientServiceInfoMapper' and 'com.lixiang.platform.mdm.biz.persistence.MdmClientServiceInfoMapper' mapperInterface. Bean already defined with the same name!
25804 [main] WARN  o.m.s.mapper.ClassPathMapperScanner - Skipping MapperFactoryBean with name 'com.lixiang.platform.mdm.biz.persistence.MdmClientServiceInfoMapper' and 'com.lixiang.platform.mdm.biz.persistence.MdmClientServiceInfoMapper' mapperInterface. Bean already defined with the same name! 
[[34mv1[0;39m] [2026-04-19 04:00:24.211] [WARN ] [[35mmain[0;39m] [36morg.mybatis.spring.mapper.ClassPathMapperScanner[0;39m [[34mTID: N/A[0;39m] Skipping MapperFactoryBean with name 'com.lixiang.platform.mdm.biz.persistence.MdmClientInterfaceInfoMapper' and 'com.lixiang.platform.mdm.biz.persistence.MdmClientInterfaceInfoMapper' mapperInterface. Bean already defined with the same name!
25820 [main] WARN  o.m.s.mapper.ClassPathMapperScanner - Skipping MapperFactoryBean with name 'com.lixiang.platform.mdm.biz.persistence.MdmClientInterfaceInfoMapper' and 'com.lixiang.platform.mdm.biz.persistence.MdmClientInterfaceInfoMapper' mapperInterface. Bean already defined with the same name! 
[[34mv1[0;39m] [2026-04-19 04:00:24.211] [WARN ] [[35mmain[0;39m] [36morg.mybatis.spring.mapper.ClassPathMapperScanner[0;39m [[34mTID: N/A[0;39m] Skipping MapperFactoryBean with name 'com.lixiang.platform.mdm.biz.persistence.IcmStorePrepareRelationsMapper' and 'com.lixiang.platform.mdm.biz.persistence.IcmStorePrepareRelationsMapper' mapperInterface. Bean already defined with the same name!
25820 [main] WARN  o.m.s.mapper.ClassPathMapperScanner - Skipping MapperFactoryBean with name 'com.lixiang.platform.mdm.biz.persistence.IcmStorePrepareRelationsMapper' and 'com.lixiang.platform.mdm.biz.persistence.IcmStorePrepareRelationsMapper' mapperInterface. Bean already defined with the same name! 
[[34mv1[0;39m] [2026-04-19 04:00:24.211] [WARN ] [[35mmain[0;39m] [36morg.mybatis.spring.mapper.ClassPathMapperScanner[0;39m [[34mTID: N/A[0;39m] Skipping MapperFactoryBean with name 'com.lixiang.platform.mdm.biz.persistence.EmployeeBaseStaffMapper' and 'com.lixiang.platform.mdm.biz.persistence.EmployeeBaseStaffMapper' mapperInterface. Bean already defined with the same name!
25820 [main] WARN  o.m.s.mapper.ClassPathMapperScanner - Skipping MapperFactoryBean with name 'com.lixiang.platform.mdm.biz.persistence.EmployeeBaseStaffMapper' and 'com.lixiang.platform.mdm.biz.persistence.EmployeeBaseStaffMapper' mapperInterface. Bean already defined with the same name! 
[[34mv1[0;39m] [2026-04-19 04:00:24.211] [WARN ] [[35mmain[0;39m] [36morg.mybatis.spring.mapper.ClassPathMapperScanner[0;39m [[34mTID: N/A[0;39m] Skipping MapperFactoryBean with name 'com.lixiang.platform.mdm.biz.persistence.EmployeeBaseVendorMapper' and 'com.lixiang.platform.mdm.biz.persistence.EmployeeBaseVendorMapper' mapperInterface. Bean already defined with the same name!
25820 [main] WARN  o.m.s.mapper.ClassPathMapperScanner - Skipping MapperFactoryBean with name 'com.lixiang.platform.mdm.biz.persistence.EmployeeBaseVendorMapper' and 'com.lixiang.platform.mdm.biz.persistence.EmployeeBaseVendorMapper' mapperInterface. Bean already defined with the same name! 
[[34mv1[0;39m] [2026-04-19 04:00:24.211] [WARN ] [[35mmain[0;39m] [36morg.mybatis.spring.mapper.ClassPathMapperScanner[0;39m [[34mTID: N/A[0;39m] Skipping MapperFactoryBean with name 'com.lixiang.platform.mdm.biz.persistence.InterfaceApplyInfoMapper' and 'com.lixiang.platform.mdm.biz.persistence.InterfaceApplyInfoMapper' mapperInterface. Bean already defined with the same name!
25820 [main] WARN  o.m.s.mapper.ClassPathMapperScanner - Skipping MapperFactoryBean with name 'com.lixiang.platform.mdm.biz.persistence.InterfaceApplyInfoMapper' and 'com.lixiang.platform.mdm.biz.persistence.InterfaceApplyInfoMapper' mapperInterface. Bean already defined with the same name! 
[[34mv1[0;39m] [2026-04-19 04:00:24.212] [WARN ] [[35mmain[0;39m] [36morg.mybatis.spring.mapper.ClassPathMapperScanner[0;39m [[34mTID: N/A[0;39m] Skipping MapperFactoryBean with name 'com.lixiang.platform.mdm.biz.persistence.MdmDomainBusinessMapper' and 'com.lixiang.platform.mdm.biz.persistence.MdmDomainBusinessMapper' mapperInterface. Bean already defined with the same name!
25821 [main] WARN  o.m.s.mapper.ClassPathMapperScanner - Skipping MapperFactoryBean with name 'com.lixiang.platform.mdm.biz.persistence.MdmDomainBusinessMapper' and 'com.lixiang.platform.mdm.biz.persistence.MdmDomainBusinessMapper' mapperInterface. Bean already defined with the same name! 
[[34mv1[0;39m] [2026-04-19 04:00:24.212] [WARN ] [[35mmain[0;39m] [36morg.mybatis.spring.mapper.ClassPathMapperScanner[0;39m [[34mTID: N/A[0;39m] Skipping MapperFactoryBean with name 'com.lixiang.platform.mdm.biz.persistence.MdmProjectRelateProductMapper' and 'com.lixiang.platform.mdm.biz.persistence.MdmProjectRelateProductMapper' mapperInterface. Bean already defined with the same name!
25821 [main] WARN  o.m.s.mapper.ClassPathMapperScanner - Skipping MapperFactoryBean with name 'com.lixiang.platform.mdm.biz.persistence.MdmProjectRelateProductMapper' and 'com.lixiang.platform.mdm.biz.persistence.MdmProjectRelateProductMapper' mapperInterface. Bean already defined with the same name! 
[[34mv1[0;39m] [2026-04-19 04:00:24.212] [WARN ] [[35mmain[0;39m] [36morg.mybatis.spring.mapper.ClassPathMapperScanner[0;39m [[34mTID: N/A[0;39m] Skipping MapperFactoryBean with name 'com.lixiang.platform.mdm.biz.persistence.InterfaceParamMapper' and 'com.lixiang.platform.mdm.biz.persistence.InterfaceParamMapper' mapperInterface. Bean already defined with the same name!
25821 [main] WARN  o.m.s.mapper.ClassPathMapperScanner - Skipping MapperFactoryBean with name 'com.lixiang.platform.mdm.biz.persistence.InterfaceParamMapper' and 'com.lixiang.platform.mdm.biz.persistence.InterfaceParamMapper' mapperInterface. Bean already defined with the same name! 
[[34mv1[0;39m] [2026-04-19 04:00:24.212] [WARN ] [[35mmain[0;39m] [36morg.mybatis.spring.mapper.ClassPathMapperScanner[0;39m [[34mTID: N/A[0;39m] Skipping MapperFactoryBean with name 'com.lixiang.platform.mdm.biz.persistence.PbiProjectProductMonthBenefitMapper' and 'com.lixiang.platform.mdm.biz.persistence.PbiProjectProductMonthBenefitMapper' mapperInterface. Bean already defined with the same name!
25821 [main] WARN  o.m.s.mapper.ClassPathMapperScanner - Skipping MapperFactoryBean with name 'com.lixiang.platform.mdm.biz.persistence.PbiProjectProductMonthBenefitMapper' and 'com.lixiang.platform.mdm.biz.persistence.PbiProjectProductMonthBenefitMapper' mapperInterface. Bean already defined with the same name! 
[[34mv1[0;39m] [2026-04-19 04:00:24.212] [WARN ] [[35mmain[0;39m] [36morg.mybatis.spring.mapper.ClassPathMapperScanner[0;39m [[34mTID: N/A[0;39m] Skipping MapperFactoryBean with name 'com.lixiang.platform.mdm.biz.persistence.MdmMetadataMapper' and 'com.lixiang.platform.mdm.biz.persistence.MdmMetadataMapper' mapperInterface. Bean already defined with the same name!
25821 [main] WARN  o.m.s.mapper.ClassPathMapperScanner - Skipping MapperFactoryBean with name 'com.lixiang.platform.mdm.biz.persistence.MdmMetadataMapper' and 'com.lixiang.platform.mdm.biz.persistence.MdmMetadataMapper' mapperInterface. Bean already defined with the same name! 
[[34mv1[0;39m] [2026-04-19 04:00:24.212] [WARN ] [[35mmain[0;39m] [36morg.mybatis.spring.mapper.ClassPathMapperScanner[0;39m [[34mTID: N/A[0;39m] Skipping MapperFactoryBean with name 'com.lixiang.platform.mdm.biz.persistence.ProjectProductBenefitMapper' and 'com.lixiang.platform.mdm.biz.persistence.ProjectProductBenefitMapper' mapperInterface. Bean already defined with the same name!
25821 [main] WARN  o.m.s.mapper.ClassPathMapperScanner - Skipping MapperFactoryBean with name 'com.lixiang.platform.mdm.biz.persistence.ProjectProductBenefitMapper' and 'com.lixiang.platform.mdm.biz.persistence.ProjectProductBenefitMapper' mapperInterface. Bean already defined with the same name! 
[[34mv1[0;39m] [2026-04-19 04:00:24.212] [WARN ] [[35mmain[0;39m] [36morg.mybatis.spring.mapper.ClassPathMapperScanner[0;39m [[34mTID: N/A[0;39m] Skipping MapperFactoryBean with name 'com.lixiang.platform.mdm.biz.persistence.ProjectRelateProductMapper' and 'com.lixiang.platform.mdm.biz.persistence.ProjectRelateProductMapper' mapperInterface. Bean already defined with the same name!
25821 [main] WARN  o.m.s.mapper.ClassPathMapperScanner - Skipping MapperFactoryBean with name 'com.lixiang.platform.mdm.biz.persistence.ProjectRelateProductMapper' and 'com.lixiang.platform.mdm.biz.persistence.ProjectRelateProductMapper' mapperInterface. Bean already defined with the same name! 
[[34mv1[0;39m] [2026-04-19 04:00:24.212] [WARN ] [[35mmain[0;39m] [36morg.mybatis.spring.mapper.ClassPathMapperScanner[0;39m [[34mTID: N/A[0;39m] Skipping MapperFactoryBean with name 'com.lixiang.platform.mdm.biz.persistence.MdmDataExtMapper' and 'com.lixiang.platform.mdm.biz.persistence.MdmDataExtMapper' mapperInterface. Bean already defined with the same name!
25821 [main] WARN  o.m.s.mapper.ClassPathMapperScanner - Skipping MapperFactoryBean with name 'com.lixiang.platform.mdm.biz.persistence.MdmDataExtMapper' and 'com.lixiang.platform.mdm.biz.persistence.MdmDataExtMapper' mapperInterface. Bean already defined with the same name! 
[[34mv1[0;39m] [2026-04-19 04:00:24.213] [WARN ] [[35mmain[0;39m] [36morg.mybatis.spring.mapper.ClassPathMapperScanner[0;39m [[34mTID: N/A[0;39m] Skipping MapperFactoryBean with name 'com.lixiang.platform.mdm.biz.persistence.DictionaryInfoMapper' and 'com.lixiang.platform.mdm.biz.persistence.DictionaryInfoMapper' mapperInterface. Bean already defined with the same name!
25822 [main] WARN  o.m.s.mapper.ClassPathMapperScanner - Skipping MapperFactoryBean with name 'com.lixiang.platform.mdm.biz.persistence.DictionaryInfoMapper' and 'com.lixiang.platform.mdm.biz.persistence.DictionaryInfoMapper' mapperInterface. Bean already defined with the same name! 
[[34mv1[0;39m] [2026-04-19 04:00:24.213] [WARN ] [[35mmain[0;39m] [36morg.mybatis.spring.mapper.ClassPathMapperScanner[0;39m [[34mTID: N/A[0;39m] Skipping MapperFactoryBean with name 'com.lixiang.platform.mdm.biz.persistence.PbiProjectProductRefMapper' and 'com.lixiang.platform.mdm.biz.persistence.PbiProjectProductRefMapper' mapperInterface. Bean already defined with the same name!
25822 [main] WARN  o.m.s.mapper.ClassPathMapperScanner - Skipping MapperFactoryBean with name 'com.lixiang.platform.mdm.biz.persistence.PbiProjectProductRefMapper' and 'com.lixiang.platform.mdm.biz.persistence.PbiProjectProductRefMapper' mapperInterface. Bean already defined with the same name! 
[[34mv1[0;39m] [2026-04-19 04:00:24.213] [WARN ] [[35mmain[0;39m] [36morg.mybatis.spring.mapper.ClassPathMapperScanner[0;39m [[34mTID: N/A[0;39m] Skipping MapperFactoryBean with name 'com.lixiang.platform.mdm.biz.persistence.InterfaceRespMapper' and 'com.lixiang.platform.mdm.biz.persistence.InterfaceRespMapper' mapperInterface. Bean already defined with the same name!
25822 [main] WARN  o.m.s.mapper.ClassPathMapperScanner - Skipping MapperFactoryBean with name 'com.lixiang.platform.mdm.biz.persistence.InterfaceRespMapper' and 'com.lixiang.platform.mdm.biz.persistence.InterfaceRespMapper' mapperInterface. Bean already defined with the same name! 
[[34mv1[0;39m] [2026-04-19 04:00:24.213] [WARN ] [[35mmain[0;39m] [36morg.mybatis.spring.mapper.ClassPathMapperScanner[0;39m [[34mTID: N/A[0;39m] Skipping MapperFactoryBean with name 'com.lixiang.platform.mdm.biz.persistence.TIdmaxMapper' and 'com.lixiang.platform.mdm.biz.persistence.TIdmaxMapper' mapperInterface. Bean already defined with the same name!
25822 [main] WARN  o.m.s.mapper.ClassPathMapperScanner - Skipping MapperFactoryBean with name 'com.lixiang.platform.mdm.biz.persistence.TIdmaxMapper' and 'com.lixiang.platform.mdm.biz.persistence.TIdmaxMapper' mapperInterface. Bean already defined with the same name! 
[[34mv1[0;39m] [2026-04-19 04:00:24.213] [WARN ] [[35mmain[0;39m] [36morg.mybatis.spring.mapper.ClassPathMapperScanner[0;39m [[34mTID: N/A[0;39m] Skipping MapperFactoryBean with name 'com.lixiang.platform.mdm.biz.persistence.MdmProductCarEngineeringMappingMapper' and 'com.lixiang.platform.mdm.biz.persistence.MdmProductCarEngineeringMappingMapper' mapperInterface. Bean already defined with the same name!
25822 [main] WARN  o.m.s.mapper.ClassPathMapperScanner - Skipping MapperFactoryBean with name 'com.lixiang.platform.mdm.biz.persistence.MdmProductCarEngineeringMappingMapper' and 'com.lixiang.platform.mdm.biz.persistence.MdmProductCarEngineeringMappingMapper' mapperInterface. Bean already defined with the same name! 
[[34mv1[0;39m] [2026-04-19 04:00:24.213] [WARN ] [[35mmain[0;39m] [36morg.mybatis.spring.mapper.ClassPathMapperScanner[0;39m [[34mTID: N/A[0;39m] Skipping MapperFactoryBean with name 'com.lixiang.platform.mdm.biz.persistence.IcmStoreMapper' and 'com.lixiang.platform.mdm.biz.persistence.IcmStoreMapper' mapperInterface. Bean already defined with the same name!
25822 [main] WARN  o.m.s.mapper.ClassPathMapperScanner - Skipping MapperFactoryBean with name 'com.lixiang.platform.mdm.biz.persistence.IcmStoreMapper' and 'com.lixiang.platform.mdm.biz.persistence.IcmStoreMapper' mapperInterface. Bean already defined with the same name! 
[[34mv1[0;39m] [2026-04-19 04:00:24.213] [WARN ] [[35mmain[0;39m] [36morg.mybatis.spring.mapper.ClassPathMapperScanner[0;39m [[34mTID: N/A[0;39m] Skipping MapperFactoryBean with name 'com.lixiang.platform.mdm.biz.persistence.MappingLevelVersionMapper' and 'com.lixiang.platform.mdm.biz.persistence.MappingLevelVersionMapper' mapperInterface. Bean already defined with the same name!
25822 [main] WARN  o.m.s.mapper.ClassPathMapperScanner - Skipping MapperFactoryBean with name 'com.lixiang.platform.mdm.biz.persistence.MappingLevelVersionMapper' and 'com.lixiang.platform.mdm.biz.persistence.MappingLevelVersionMapper' mapperInterface. Bean already defined with the same name! 
[[34mv1[0;39m] [2026-04-19 04:00:24.213] [WARN ] [[35mmain[0;39m] [36morg.mybatis.spring.mapper.ClassPathMapperScanner[0;39m [[34mTID: N/A[0;39m] Skipping MapperFactoryBean with name 'com.lixiang.platform.mdm.biz.persistence.ProjectCodesMapper' and 'com.lixiang.platform.mdm.biz.persistence.ProjectCodesMapper' mapperInterface. Bean already defined with the same name!
25822 [main] WARN  o.m.s.mapper.ClassPathMapperScanner - Skipping MapperFactoryBean with name 'com.lixiang.platform.mdm.biz.persistence.ProjectCodesMapper' and 'com.lixiang.platform.mdm.biz.persistence.ProjectCodesMapper' mapperInterface. Bean already defined with the same name! 
[[34mv1[0;39m] [2026-04-19 04:00:24.213] [WARN ] [[35mmain[0;39m] [36morg.mybatis.spring.mapper.ClassPathMapperScanner[0;39m [[34mTID: N/A[0;39m] Skipping MapperFactoryBean with name 'com.lixiang.platform.mdm.biz.persistence.IcmOpportunityPointsRepository' and 'com.lixiang.platform.mdm.biz.persistence.IcmOpportunityPointsRepository' mapperInterface. Bean already defined with the same name!
25822 [main] WARN  o.m.s.mapper.ClassPathMapperScanner - Skipping MapperFactoryBean with name 'com.lixiang.platform.mdm.biz.persistence.IcmOpportunityPointsRepository' and 'com.lixiang.platform.mdm.biz.persistence.IcmOpportunityPointsRepository' mapperInterface. Bean already defined with the same name! 
[[34mv1[0;39m] [2026-04-19 04:00:26.664] [WARN ] [[35mmain[0;39m] [36morg.springframework.boot.actuate.endpoint.EndpointId[0;39m [[34mTID: N/A[0;39m] Endpoint ID 'service-registry' contains invalid characters, please migrate to a valid format.
28273 [main] WARN  o.s.b.actuate.endpoint.EndpointId - Endpoint ID 'service-registry' contains invalid characters, please migrate to a valid format. 
[[34mv1[0;39m] [2026-04-19 04:00:32.424] [INFO ] [[35mmain[0;39m] [36morg.springframework.cloud.context.scope.GenericScope[0;39m [[34mTID: N/A[0;39m] BeanFactory id=ccb03b9d-4c70-3089-8b37-813931985948
34033 [main] INFO  o.s.c.context.scope.GenericScope - BeanFactory id=ccb03b9d-4c70-3089-8b37-813931985948 
[[34mv1[0;39m] [2026-04-19 04:00:32.636] [INFO ] [[35mmain[0;39m] [36morg.springframework.context.support.PostProcessorRegistrationDelegate$BeanPostProcessorChecker[0;39m [[34mTID: N/A[0;39m] Bean 'com.lixiang.monitoring.support.configuration.JavaMelodyAutoConfiguration' of type [com.lixiang.monitoring.support.configuration.JavaMelodyAutoConfiguration$$EnhancerBySpringCGLIB$$60641862] is not eligible for getting processed by all BeanPostProcessors (for example: not eligible for auto-proxying)
34245 [main] INFO  o.s.c.s.PostProcessorRegistrationDelegate$BeanPostProcessorChecker - Bean 'com.lixiang.monitoring.support.configuration.JavaMelodyAutoConfiguration' of type [com.lixiang.monitoring.support.configuration.JavaMelodyAutoConfiguration$$EnhancerBySpringCGLIB$$60641862] is not eligible for getting processed by all BeanPostProcessors (for example: not eligible for auto-proxying) 
[[34mv1[0;39m] [2026-04-19 04:00:33.343] [INFO ] [[35mmain[0;39m] [36morg.springframework.context.support.PostProcessorRegistrationDelegate$BeanPostProcessorChecker[0;39m [[34mTID: N/A[0;39m] Bean 'monitoringSpringAdvisor' of type [com.lixiang.monitoring.support.core.MonitoringSpringAdvisor] is not eligible for getting processed by all BeanPostProcessors (for example: not eligible for auto-proxying)
34952 [main] INFO  o.s.c.s.PostProcessorRegistrationDelegate$BeanPostProcessorChecker - Bean 'monitoringSpringAdvisor' of type [com.lixiang.monitoring.support.core.MonitoringSpringAdvisor] is not eligible for getting processed by all BeanPostProcessors (for example: not eligible for auto-proxying) 
[[34mv1[0;39m] [2026-04-19 04:00:33.400] [INFO ] [[35mmain[0;39m] [36morg.springframework.context.support.PostProcessorRegistrationDelegate$BeanPostProcessorChecker[0;39m [[34mTID: N/A[0;39m] Bean 'monitoringSpringServiceAdvisor' of type [com.lixiang.monitoring.support.core.MonitoringSpringAdvisor] is not eligible for getting processed by all BeanPostProcessors (for example: not eligible for auto-proxying)
35009 [main] INFO  o.s.c.s.PostProcessorRegistrationDelegate$BeanPostProcessorChecker - Bean 'monitoringSpringServiceAdvisor' of type [com.lixiang.monitoring.support.core.MonitoringSpringAdvisor] is not eligible for getting processed by all BeanPostProcessors (for example: not eligible for auto-proxying) 
[[34mv1[0;39m] [2026-04-19 04:00:33.401] [INFO ] [[35mmain[0;39m] [36morg.springframework.context.support.PostProcessorRegistrationDelegate$BeanPostProcessorChecker[0;39m [[34mTID: N/A[0;39m] Bean 'monitoringSpringControllerAdvisor' of type [com.lixiang.monitoring.support.core.MonitoringSpringAdvisor] is not eligible for getting processed by all BeanPostProcessors (for example: not eligible for auto-proxying)
35010 [main] INFO  o.s.c.s.PostProcessorRegistrationDelegate$BeanPostProcessorChecker - Bean 'monitoringSpringControllerAdvisor' of type [com.lixiang.monitoring.support.core.MonitoringSpringAdvisor] is not eligible for getting processed by all BeanPostProcessors (for example: not eligible for auto-proxying) 
[[34mv1[0;39m] [2026-04-19 04:00:33.402] [INFO ] [[35mmain[0;39m] [36morg.springframework.context.support.PostProcessorRegistrationDelegate$BeanPostProcessorChecker[0;39m [[34mTID: N/A[0;39m] Bean 'monitoringSpringRestControllerAdvisor' of type [com.lixiang.monitoring.support.core.MonitoringSpringAdvisor] is not eligible for getting processed by all BeanPostProcessors (for example: not eligible for auto-proxying)
35011 [main] INFO  o.s.c.s.PostProcessorRegistrationDelegate$BeanPostProcessorChecker - Bean 'monitoringSpringRestControllerAdvisor' of type [com.lixiang.monitoring.support.core.MonitoringSpringAdvisor] is not eligible for getting processed by all BeanPostProcessors (for example: not eligible for auto-proxying) 
[[34mv1[0;39m] [2026-04-19 04:00:33.409] [INFO ] [[35mmain[0;39m] [36morg.springframework.context.support.PostProcessorRegistrationDelegate$BeanPostProcessorChecker[0;39m [[34mTID: N/A[0;39m] Bean 'monitoringSpringAsyncAdvisor' of type [com.lixiang.monitoring.support.core.MonitoringSpringAdvisor] is not eligible for getting processed by all BeanPostProcessors (for example: not eligible for auto-proxying)
35018 [main] INFO  o.s.c.s.PostProcessorRegistrationDelegate$BeanPostProcessorChecker - Bean 'monitoringSpringAsyncAdvisor' of type [com.lixiang.monitoring.support.core.MonitoringSpringAdvisor] is not eligible for getting processed by all BeanPostProcessors (for example: not eligible for auto-proxying) 
[[34mv1[0;39m] [2026-04-19 04:00:33.410] [INFO ] [[35mmain[0;39m] [36morg.springframework.context.support.PostProcessorRegistrationDelegate$BeanPostProcessorChecker[0;39m [[34mTID: N/A[0;39m] Bean 'monitoringSpringScheduledAdvisor' of type [com.lixiang.monitoring.support.core.MonitoringSpringAdvisor] is not eligible for getting processed by all BeanPostProcessors (for example: not eligible for auto-proxying)
35019 [main] INFO  o.s.c.s.PostProcessorRegistrationDelegate$BeanPostProcessorChecker - Bean 'monitoringSpringScheduledAdvisor' of type [com.lixiang.monitoring.support.core.MonitoringSpringAdvisor] is not eligible for getting processed by all BeanPostProcessors (for example: not eligible for auto-proxying) 
[[34mv1[0;39m] [2026-04-19 04:00:33.412] [INFO ] [[35mmain[0;39m] [36morg.springframework.context.support.PostProcessorRegistrationDelegate$BeanPostProcessorChecker[0;39m [[34mTID: N/A[0;39m] Bean 'monitoringFeignClientAdvisor' of type [com.lixiang.monitoring.support.core.MonitoringSpringAdvisor] is not eligible for getting processed by all BeanPostProcessors (for example: not eligible for auto-proxying)
35021 [main] INFO  o.s.c.s.PostProcessorRegistrationDelegate$BeanPostProcessorChecker - Bean 'monitoringFeignClientAdvisor' of type [com.lixiang.monitoring.support.core.MonitoringSpringAdvisor] is not eligible for getting processed by all BeanPostProcessors (for example: not eligible for auto-proxying) 
[[34mv1[0;39m] [2026-04-19 04:00:34.148] [INFO ] [[35mmain[0;39m] [36morg.springframework.context.support.PostProcessorRegistrationDelegate$BeanPostProcessorChecker[0;39m [[34mTID: N/A[0;39m] Bean 'com.lixiang.idaas.sdk.service.SpringAdvisor' of type [com.lixiang.idaas.sdk.service.SpringAdvisor] is not eligible for getting processed by all BeanPostProcessors (for example: not eligible for auto-proxying)
35757 [main] INFO  o.s.c.s.PostProcessorRegistrationDelegate$BeanPostProcessorChecker - Bean 'com.lixiang.idaas.sdk.service.SpringAdvisor' of type [com.lixiang.idaas.sdk.service.SpringAdvisor] is not eligible for getting processed by all BeanPostProcessors (for example: not eligible for auto-proxying) 
[[34mv1[0;39m] [2026-04-19 04:00:35.194] [INFO ] [[35mmain[0;39m] [36morg.springframework.context.support.PostProcessorRegistrationDelegate$BeanPostProcessorChecker[0;39m [[34mTID: N/A[0;39m] Bean 'secured' of type [org.springframework.aop.support.DefaultPointcutAdvisor] is not eligible for getting processed by all BeanPostProcessors (for example: not eligible for auto-proxying)
36803 [main] INFO  o.s.c.s.PostProcessorRegistrationDelegate$BeanPostProcessorChecker - Bean 'secured' of type [org.springframework.aop.support.DefaultPointcutAdvisor] is not eligible for getting processed by all BeanPostProcessors (for example: not eligible for auto-proxying) 
[[34mv1[0;39m] [2026-04-19 04:00:35.272] [INFO ] [[35mmain[0;39m] [36morg.springframework.context.support.PostProcessorRegistrationDelegate$BeanPostProcessorChecker[0;39m [[34mTID: N/A[0;39m] Bean 'spring.datasource.dynamic-com.baomidou.dynamic.datasource.spring.boot.autoconfigure.DynamicDataSourceProperties' of type [com.baomidou.dynamic.datasource.spring.boot.autoconfigure.DynamicDataSourceProperties] is not eligible for getting processed by all BeanPostProcessors (for example: not eligible for auto-proxying)
36881 [main] INFO  o.s.c.s.PostProcessorRegistrationDelegate$BeanPostProcessorChecker - Bean 'spring.datasource.dynamic-com.baomidou.dynamic.datasource.spring.boot.autoconfigure.DynamicDataSourceProperties' of type [com.baomidou.dynamic.datasource.spring.boot.autoconfigure.DynamicDataSourceProperties] is not eligible for getting processed by all BeanPostProcessors (for example: not eligible for auto-proxying) 
[[34mv1[0;39m] [2026-04-19 04:00:35.278] [INFO ] [[35mmain[0;39m] [36morg.springframework.context.support.PostProcessorRegistrationDelegate$BeanPostProcessorChecker[0;39m [[34mTID: N/A[0;39m] Bean 'com.baomidou.dynamic.datasource.spring.boot.autoconfigure.DynamicDataSourceAutoConfiguration' of type [com.baomidou.dynamic.datasource.spring.boot.autoconfigure.DynamicDataSourceAutoConfiguration$$EnhancerBySpringCGLIB$$9992e187] is not eligible for getting processed by all BeanPostProcessors (for example: not eligible for auto-proxying)
36887 [main] INFO  o.s.c.s.PostProcessorRegistrationDelegate$BeanPostProcessorChecker - Bean 'com.baomidou.dynamic.datasource.spring.boot.autoconfigure.DynamicDataSourceAutoConfiguration' of type [com.baomidou.dynamic.datasource.spring.boot.autoconfigure.DynamicDataSourceAutoConfiguration$$EnhancerBySpringCGLIB$$9992e187] is not eligible for getting processed by all BeanPostProcessors (for example: not eligible for auto-proxying) 
[[34mv1[0;39m] [2026-04-19 04:00:35.301] [INFO ] [[35mmain[0;39m] [36morg.springframework.context.support.PostProcessorRegistrationDelegate$BeanPostProcessorChecker[0;39m [[34mTID: N/A[0;39m] Bean 'dsProcessor' of type [com.baomidou.dynamic.datasource.processor.DsHeaderProcessor] is not eligible for getting processed by all BeanPostProcessors (for example: not eligible for auto-proxying)
36910 [main] INFO  o.s.c.s.PostProcessorRegistrationDelegate$BeanPostProcessorChecker - Bean 'dsProcessor' of type [com.baomidou.dynamic.datasource.processor.DsHeaderProcessor] is not eligible for getting processed by all BeanPostProcessors (for example: not eligible for auto-proxying) 
[[34mv1[0;39m] [2026-04-19 04:00:39.369] [INFO ] [[35mmain[0;39m] [36morg.springframework.boot.web.embedded.tomcat.TomcatWebServer[0;39m [[34mTID: N/A[0;39m] Tomcat initialized with port(s): 8090 (http)
40978 [main] INFO  o.s.b.w.e.tomcat.TomcatWebServer - Tomcat initialized with port(s): 8090 (http) 
[[34mv1[0;39m] [2026-04-19 04:00:40.061] [INFO ] [[35mmain[0;39m] [36morg.apache.coyote.http11.Http11NioProtocol[0;39m [[34mTID: N/A[0;39m] Initializing ProtocolHandler ["http-nio-8090"]
41670 [main] INFO  o.a.coyote.http11.Http11NioProtocol - Initializing ProtocolHandler ["http-nio-8090"] 
[[34mv1[0;39m] [2026-04-19 04:00:40.149] [INFO ] [[35mmain[0;39m] [36morg.apache.catalina.core.StandardService[0;39m [[34mTID: N/A[0;39m] Starting service [Tomcat]
41758 [main] INFO  o.a.catalina.core.StandardService - Starting service [Tomcat] 
[[34mv1[0;39m] [2026-04-19 04:00:40.149] [INFO ] [[35mmain[0;39m] [36morg.apache.catalina.core.StandardEngine[0;39m [[34mTID: N/A[0;39m] Starting Servlet engine: [Apache Tomcat/9.0.37]
41758 [main] INFO  o.a.catalina.core.StandardEngine - Starting Servlet engine: [Apache Tomcat/9.0.37] 
[[34mv1[0;39m] [2026-04-19 04:00:40.728] [INFO ] [[35mmain[0;39m] [36morg.apache.catalina.core.ContainerBase.[Tomcat].[localhost].[/][0;39m [[34mTID: N/A[0;39m] Initializing Spring embedded WebApplicationContext
42337 [main] INFO  o.a.c.c.C.[Tomcat].[localhost].[/] - Initializing Spring embedded WebApplicationContext 
[[34mv1[0;39m] [2026-04-19 04:00:40.728] [INFO ] [[35mmain[0;39m] [36morg.springframework.boot.web.servlet.context.ServletWebServerApplicationContext[0;39m [[34mTID: N/A[0;39m] Root WebApplicationContext: initialization completed in 24338 ms
42337 [main] INFO  o.s.b.w.s.c.ServletWebServerApplicationContext - Root WebApplicationContext: initialization completed in 24338 ms 
[[34mv1[0;39m] [2026-04-19 04:00:42.180] [WARN ] [[35mmain[0;39m] [36mcom.netflix.config.sources.URLConfigurationSource[0;39m [[34mTID: N/A[0;39m] No URLs will be polled as dynamic configuration sources.
43789 [main] WARN  c.n.c.s.URLConfigurationSource - No URLs will be polled as dynamic configuration sources. 
[[34mv1[0;39m] [2026-04-19 04:00:42.181] [INFO ] [[35mmain[0;39m] [36mcom.netflix.config.sources.URLConfigurationSource[0;39m [[34mTID: N/A[0;39m] To enable URLs as dynamic configuration sources, define System property archaius.configurationSource.additionalUrls or make config.properties available on classpath.
43790 [main] INFO  c.n.c.s.URLConfigurationSource - To enable URLs as dynamic configuration sources, define System property archaius.configurationSource.additionalUrls or make config.properties available on classpath. 
[[34mv1[0;39m] [2026-04-19 04:00:42.287] [INFO ] [[35mmain[0;39m] [36mcom.netflix.config.DynamicPropertyFactory[0;39m [[34mTID: N/A[0;39m] DynamicPropertyFactory is initialized with configuration sources: com.netflix.config.ConcurrentCompositeConfiguration@5b52ce28
43896 [main] INFO  c.n.config.DynamicPropertyFactory - DynamicPropertyFactory is initialized with configuration sources: com.netflix.config.ConcurrentCompositeConfiguration@5b52ce28 
[[34mv1[0;39m] [2026-04-19 04:00:42.679] [WARN ] [[35mmain[0;39m] [36morg.springframework.boot.actuate.endpoint.EndpointId[0;39m [[34mTID: N/A[0;39m] Endpoint ID 'graceful-shutdown' contains invalid characters, please migrate to a valid format.
44288 [main] WARN  o.s.b.actuate.endpoint.EndpointId - Endpoint ID 'graceful-shutdown' contains invalid characters, please migrate to a valid format. 
[[34mv1[0;39m] [2026-04-19 04:00:45.381] [INFO ] [[35mmain[0;39m] [36morg.quartz.impl.StdSchedulerFactory[0;39m [[34mTID: N/A[0;39m] Using default implementation for ThreadExecutor
46990 [main] INFO  org.quartz.impl.StdSchedulerFactory - Using default implementation for ThreadExecutor 
[[34mv1[0;39m] [2026-04-19 04:00:45.430] [INFO ] [[35mmain[0;39m] [36morg.quartz.simpl.SimpleThreadPool[0;39m [[34mTID: N/A[0;39m] Job execution threads will use class loader of thread: main
47039 [main] INFO  org.quartz.simpl.SimpleThreadPool - Job execution threads will use class loader of thread: main 
[[34mv1[0;39m] [2026-04-19 04:00:45.994] [INFO ] [[35mmain[0;39m] [36morg.quartz.core.SchedulerSignalerImpl[0;39m [[34mTID: N/A[0;39m] Initialized Scheduler Signaller of type: class org.quartz.core.SchedulerSignalerImpl
47603 [main] INFO  o.quartz.core.SchedulerSignalerImpl - Initialized Scheduler Signaller of type: class org.quartz.core.SchedulerSignalerImpl 
[[34mv1[0;39m] [2026-04-19 04:00:45.995] [INFO ] [[35mmain[0;39m] [36morg.quartz.core.QuartzScheduler[0;39m [[34mTID: N/A[0;39m] Quartz Scheduler v.2.3.2 created.
47604 [main] INFO  org.quartz.core.QuartzScheduler - Quartz Scheduler v.2.3.2 created. 
[[34mv1[0;39m] [2026-04-19 04:00:46.035] [INFO ] [[35mmain[0;39m] [36morg.quartz.simpl.RAMJobStore[0;39m [[34mTID: N/A[0;39m] RAMJobStore initialized.
47644 [main] INFO  org.quartz.simpl.RAMJobStore - RAMJobStore initialized. 
[[34mv1[0;39m] [2026-04-19 04:00:46.036] [INFO ] [[35mmain[0;39m] [36morg.quartz.core.QuartzScheduler[0;39m [[34mTID: N/A[0;39m] Scheduler meta-data: Quartz Scheduler (v2.3.2) 'DefaultQuartzScheduler' with instanceId 'NON_CLUSTERED'
  Scheduler class: 'org.quartz.core.QuartzScheduler' - running locally.
  NOT STARTED.
  Currently in standby mode.
  Number of jobs executed: 0
  Using thread pool 'org.quartz.simpl.SimpleThreadPool' - with 10 threads.
  Using job-store 'org.quartz.simpl.RAMJobStore' - which does not support persistence. and is not clustered.

47645 [main] INFO  org.quartz.core.QuartzScheduler - Scheduler meta-data: Quartz Scheduler (v2.3.2) 'DefaultQuartzScheduler' with instanceId 'NON_CLUSTERED'
  Scheduler class: 'org.quartz.core.QuartzScheduler' - running locally.
  NOT STARTED.
  Currently in standby mode.
  Number of jobs executed: 0
  Using thread pool 'org.quartz.simpl.SimpleThreadPool' - with 10 threads.
  Using job-store 'org.quartz.simpl.RAMJobStore' - which does not support persistence. and is not clustered.
 
[[34mv1[0;39m] [2026-04-19 04:00:46.037] [INFO ] [[35mmain[0;39m] [36morg.quartz.impl.StdSchedulerFactory[0;39m [[34mTID: N/A[0;39m] Quartz scheduler 'DefaultQuartzScheduler' initialized from default resource file in Quartz package: 'quartz.properties'
47646 [main] INFO  org.quartz.impl.StdSchedulerFactory - Quartz scheduler 'DefaultQuartzScheduler' initialized from default resource file in Quartz package: 'quartz.properties' 
[[34mv1[0;39m] [2026-04-19 04:00:46.037] [INFO ] [[35mmain[0;39m] [36morg.quartz.impl.StdSchedulerFactory[0;39m [[34mTID: N/A[0;39m] Quartz scheduler version: 2.3.2
47646 [main] INFO  org.quartz.impl.StdSchedulerFactory - Quartz scheduler version: 2.3.2 
[[34mv1[0;39m] [2026-04-19 04:00:51.636] [INFO ] [[35mmain[0;39m] [36mcom.alibaba.druid.pool.DruidDataSource[0;39m [[34mTID: N/A[0;39m] {dataSource-1,oceanbase} inited
53245 [main] INFO  c.a.druid.pool.DruidDataSource - {dataSource-1,oceanbase} inited 
[[34mv1[0;39m] [2026-04-19 04:00:51.951] [INFO ] [[35mmain[0;39m] [36mcom.alibaba.druid.pool.DruidDataSource[0;39m [[34mTID: N/A[0;39m] {dataSource-2,rdoceanbase} inited
53560 [main] INFO  c.a.druid.pool.DruidDataSource - {dataSource-2,rdoceanbase} inited 
[[34mv1[0;39m] [2026-04-19 04:00:52.346] [INFO ] [[35mmain[0;39m] [36mcom.alibaba.druid.pool.DruidDataSource[0;39m [[34mTID: N/A[0;39m] {dataSource-3,icm} inited
53955 [main] INFO  c.a.druid.pool.DruidDataSource - {dataSource-3,icm} inited 
[[34mv1[0;39m] [2026-04-19 04:00:52.459] [INFO ] [[35mmain[0;39m] [36mcom.alibaba.druid.pool.DruidDataSource[0;39m [[34mTID: N/A[0;39m] {dataSource-4,mysql2} inited
54068 [main] INFO  c.a.druid.pool.DruidDataSource - {dataSource-4,mysql2} inited 
[[34mv1[0;39m] [2026-04-19 04:00:52.491] [INFO ] [[35mmain[0;39m] [36mcom.alibaba.druid.pool.DruidDataSource[0;39m [[34mTID: N/A[0;39m] {dataSource-5,mysql} inited
54100 [main] INFO  c.a.druid.pool.DruidDataSource - {dataSource-5,mysql} inited 
[[34mv1[0;39m] [2026-04-19 04:00:52.657] [INFO ] [[35mmain[0;39m] [36mcom.alibaba.druid.pool.DruidDataSource[0;39m [[34mTID: N/A[0;39m] {dataSource-6,platform} inited
54266 [main] INFO  c.a.druid.pool.DruidDataSource - {dataSource-6,platform} inited 
[[34mv1[0;39m] [2026-04-19 04:00:52.892] [INFO ] [[35mmain[0;39m] [36mcom.alibaba.druid.pool.DruidDataSource[0;39m [[34mTID: N/A[0;39m] {dataSource-7,function} inited
54501 [main] INFO  c.a.druid.pool.DruidDataSource - {dataSource-7,function} inited 
[[34mv1[0;39m] [2026-04-19 04:00:53.095] [INFO ] [[35mmain[0;39m] [36mcom.alibaba.druid.pool.DruidDataSource[0;39m [[34mTID: N/A[0;39m] {dataSource-8,vehicle} inited
54704 [main] INFO  c.a.druid.pool.DruidDataSource - {dataSource-8,vehicle} inited 
[[34mv1[0;39m] [2026-04-19 04:00:53.331] [INFO ] [[35mmain[0;39m] [36mcom.alibaba.druid.pool.DruidDataSource[0;39m [[34mTID: N/A[0;39m] {dataSource-9,basic} inited
54940 [main] INFO  c.a.druid.pool.DruidDataSource - {dataSource-9,basic} inited 
[[34mv1[0;39m] [2026-04-19 04:00:53.331] [INFO ] [[35mmain[0;39m] [36mcom.baomidou.dynamic.datasource.DynamicRoutingDataSource[0;39m [[34mTID: N/A[0;39m] dynamic-datasource - add a datasource named [rdoceanbase] success
54940 [main] INFO  c.b.d.d.DynamicRoutingDataSource - dynamic-datasource - add a datasource named [rdoceanbase] success 
[[34mv1[0;39m] [2026-04-19 04:00:53.332] [INFO ] [[35mmain[0;39m] [36mcom.baomidou.dynamic.datasource.DynamicRoutingDataSource[0;39m [[34mTID: N/A[0;39m] dynamic-datasource - add a datasource named [platform] success
54941 [main] INFO  c.b.d.d.DynamicRoutingDataSource - dynamic-datasource - add a datasource named [platform] success 
[[34mv1[0;39m] [2026-04-19 04:00:53.332] [INFO ] [[35mmain[0;39m] [36mcom.baomidou.dynamic.datasource.DynamicRoutingDataSource[0;39m [[34mTID: N/A[0;39m] dynamic-datasource - add a datasource named [mysql2] success
54941 [main] INFO  c.b.d.d.DynamicRoutingDataSource - dynamic-datasource - add a datasource named [mysql2] success 
[[34mv1[0;39m] [2026-04-19 04:00:53.332] [INFO ] [[35mmain[0;39m] [36mcom.baomidou.dynamic.datasource.DynamicRoutingDataSource[0;39m [[34mTID: N/A[0;39m] dynamic-datasource - add a datasource named [vehicle] success
54941 [main] INFO  c.b.d.d.DynamicRoutingDataSource - dynamic-datasource - add a datasource named [vehicle] success 
[[34mv1[0;39m] [2026-04-19 04:00:53.332] [INFO ] [[35mmain[0;39m] [36mcom.baomidou.dynamic.datasource.DynamicRoutingDataSource[0;39m [[34mTID: N/A[0;39m] dynamic-datasource - add a datasource named [icm] success
54941 [main] INFO  c.b.d.d.DynamicRoutingDataSource - dynamic-datasource - add a datasource named [icm] success 
[[34mv1[0;39m] [2026-04-19 04:00:53.332] [INFO ] [[35mmain[0;39m] [36mcom.baomidou.dynamic.datasource.DynamicRoutingDataSource[0;39m [[34mTID: N/A[0;39m] dynamic-datasource - add a datasource named [oceanbase] success
54941 [main] INFO  c.b.d.d.DynamicRoutingDataSource - dynamic-datasource - add a datasource named [oceanbase] success 
[[34mv1[0;39m] [2026-04-19 04:00:53.332] [INFO ] [[35mmain[0;39m] [36mcom.baomidou.dynamic.datasource.DynamicRoutingDataSource[0;39m [[34mTID: N/A[0;39m] dynamic-datasource - add a datasource named [function] success
54941 [main] INFO  c.b.d.d.DynamicRoutingDataSource - dynamic-datasource - add a datasource named [function] success 
[[34mv1[0;39m] [2026-04-19 04:00:53.332] [INFO ] [[35mmain[0;39m] [36mcom.baomidou.dynamic.datasource.DynamicRoutingDataSource[0;39m [[34mTID: N/A[0;39m] dynamic-datasource - add a datasource named [mysql] success
54941 [main] INFO  c.b.d.d.DynamicRoutingDataSource - dynamic-datasource - add a datasource named [mysql] success 
[[34mv1[0;39m] [2026-04-19 04:00:53.332] [INFO ] [[35mmain[0;39m] [36mcom.baomidou.dynamic.datasource.DynamicRoutingDataSource[0;39m [[34mTID: N/A[0;39m] dynamic-datasource - add a datasource named [basic] success
54941 [main] INFO  c.b.d.d.DynamicRoutingDataSource - dynamic-datasource - add a datasource named [basic] success 
[[34mv1[0;39m] [2026-04-19 04:00:53.332] [INFO ] [[35mmain[0;39m] [36mcom.baomidou.dynamic.datasource.DynamicRoutingDataSource[0;39m [[34mTID: N/A[0;39m] dynamic-datasource initial loaded [9] datasource,primary datasource named [platform]
54941 [main] INFO  c.b.d.d.DynamicRoutingDataSource - dynamic-datasource initial loaded [9] datasource,primary datasource named [platform] 
Logging initialized using 'class org.apache.ibatis.logging.stdout.StdOutImpl' adapter.
Registered plugin: 'com.baomidou.mybatisplus.extension.plugins.MybatisPlusInterceptor@5a1e47d3'
Property 'mapperLocations' was not specified.
[[34mv1[0;39m] [2026-04-19 04:00:59.356] [INFO ] [[35mmain[0;39m] [36morg.redisson.Version[0;39m [[34mTID: N/A[0;39m] Redisson 3.17.5
60965 [main] INFO  org.redisson.Version - Redisson 3.17.5 
[[34mv1[0;39m] [2026-04-19 04:01:01.758] [INFO ] [[35mmain[0;39m] [36morg.redisson.cluster.ClusterConnectionManager[0;39m [[34mTID: N/A[0;39m] Redis cluster nodes configuration got from 192.168.47.150/192.168.47.150:6412:
f0902fa6a33e7d0b1b7fbdb1ac0fd8fd9b848c47 192.168.9.93:6393@16393 master - 0 1776542458165 24 connected 5462-10923
7832db64f19e657ae60ae3faa8cd010cd4e90350 192.168.9.76:6415@16415 slave 77e4f33b60f0cb6cd7b04b2462192e76c491a905 0 1776542460000 25 connected
77e4f33b60f0cb6cd7b04b2462192e76c491a905 192.168.47.150:6412@16412 myself,master - 0 1776542459000 25 connected 0-5461
2ae7091ca792aa9da43394029e3acefd474f52b3 192.168.9.77:6411@16411 slave f0902fa6a33e7d0b1b7fbdb1ac0fd8fd9b848c47 0 1776542461173 24 connected
f9587ce9765a5e6688ecef7eb906030daf5b7b08 192.168.9.94:6393@16393 slave add576e524e274b6204425a66d55c40876b126bc 0 1776542459167 23 connected
add576e524e274b6204425a66d55c40876b126bc 192.168.9.95:6385@16385 master - 0 1776542460171 23 connected 10924-16383

63367 [main] INFO  o.r.c.ClusterConnectionManager - Redis cluster nodes configuration got from 192.168.47.150/192.168.47.150:6412:
f0902fa6a33e7d0b1b7fbdb1ac0fd8fd9b848c47 192.168.9.93:6393@16393 master - 0 1776542458165 24 connected 5462-10923
7832db64f19e657ae60ae3faa8cd010cd4e90350 192.168.9.76:6415@16415 slave 77e4f33b60f0cb6cd7b04b2462192e76c491a905 0 1776542460000 25 connected
77e4f33b60f0cb6cd7b04b2462192e76c491a905 192.168.47.150:6412@16412 myself,master - 0 1776542459000 25 connected 0-5461
2ae7091ca792aa9da43394029e3acefd474f52b3 192.168.9.77:6411@16411 slave f0902fa6a33e7d0b1b7fbdb1ac0fd8fd9b848c47 0 1776542461173 24 connected
f9587ce9765a5e6688ecef7eb906030daf5b7b08 192.168.9.94:6393@16393 slave add576e524e274b6204425a66d55c40876b126bc 0 1776542459167 23 connected
add576e524e274b6204425a66d55c40876b126bc 192.168.9.95:6385@16385 master - 0 1776542460171 23 connected 10924-16383
 
[[34mv1[0;39m] [2026-04-19 04:01:02.321] [INFO ] [[35mredisson-netty-2-23[0;39m] [36morg.redisson.connection.pool.MasterPubSubConnectionPool[0;39m [[34mTID: N/A[0;39m] 1 connections initialized for 192.168.47.150/192.168.47.150:6412
[[34mv1[0;39m] [2026-04-19 04:01:02.286] [INFO ] [[35mredisson-netty-2-1[0;39m] [36morg.redisson.connection.pool.MasterPubSubConnectionPool[0;39m [[34mTID: N/A[0;39m] 1 connections initialized for 192.168.9.95/192.168.9.95:6385
63895 [redisson-netty-2-1] INFO  o.r.c.p.MasterPubSubConnectionPool - 1 connections initialized for 192.168.9.95/192.168.9.95:6385 
[[34mv1[0;39m] [2026-04-19 04:01:02.351] [INFO ] [[35mredisson-netty-2-4[0;39m] [36morg.redisson.connection.pool.MasterPubSubConnectionPool[0;39m [[34mTID: N/A[0;39m] 1 connections initialized for 192.168.9.93/192.168.9.93:6393
63960 [redisson-netty-2-4] INFO  o.r.c.p.MasterPubSubConnectionPool - 1 connections initialized for 192.168.9.93/192.168.9.93:6393 
63930 [redisson-netty-2-23] INFO  o.r.c.p.MasterPubSubConnectionPool - 1 connections initialized for 192.168.47.150/192.168.47.150:6412 
[[34mv1[0;39m] [2026-04-19 04:01:02.681] [INFO ] [[35mredisson-netty-2-28[0;39m] [36morg.redisson.connection.pool.MasterConnectionPool[0;39m [[34mTID: N/A[0;39m] 4 connections initialized for 192.168.47.150/192.168.47.150:6412
64290 [redisson-netty-2-28] INFO  o.r.c.pool.MasterConnectionPool - 4 connections initialized for 192.168.47.150/192.168.47.150:6412 
[[34mv1[0;39m] [2026-04-19 04:01:02.686] [INFO ] [[35mredisson-netty-2-8[0;39m] [36morg.redisson.connection.pool.MasterConnectionPool[0;39m [[34mTID: N/A[0;39m] 4 connections initialized for 192.168.9.95/192.168.9.95:6385
64295 [redisson-netty-2-8] INFO  o.r.c.pool.MasterConnectionPool - 4 connections initialized for 192.168.9.95/192.168.9.95:6385 
[[34mv1[0;39m] [2026-04-19 04:01:02.688] [INFO ] [[35mredisson-netty-2-9[0;39m] [36morg.redisson.connection.pool.MasterConnectionPool[0;39m [[34mTID: N/A[0;39m] 4 connections initialized for 192.168.9.93/192.168.9.93:6393
64297 [redisson-netty-2-9] INFO  o.r.c.pool.MasterConnectionPool - 4 connections initialized for 192.168.9.93/192.168.9.93:6393 
[[34mv1[0;39m] [2026-04-19 04:01:02.703] [INFO ] [[35mredisson-netty-2-31[0;39m] [36morg.redisson.connection.pool.PubSubConnectionPool[0;39m [[34mTID: N/A[0;39m] 1 connections initialized for 192.168.9.94/192.168.9.94:6393
64312 [redisson-netty-2-31] INFO  o.r.c.pool.PubSubConnectionPool - 1 connections initialized for 192.168.9.94/192.168.9.94:6393 
[[34mv1[0;39m] [2026-04-19 04:01:02.798] [INFO ] [[35mredisson-netty-2-6[0;39m] [36morg.redisson.connection.pool.PubSubConnectionPool[0;39m [[34mTID: N/A[0;39m] 1 connections initialized for 192.168.9.77/192.168.9.77:6411
64407 [redisson-netty-2-6] INFO  o.r.c.pool.PubSubConnectionPool - 1 connections initialized for 192.168.9.77/192.168.9.77:6411 
[[34mv1[0;39m] [2026-04-19 04:01:02.799] [INFO ] [[35mredisson-netty-2-28[0;39m] [36morg.redisson.cluster.ClusterConnectionManager[0;39m [[34mTID: N/A[0;39m] slaves: [redis://192.168.9.94:6393] added for slot ranges: [[10924-16383]]
64408 [redisson-netty-2-28] INFO  o.r.c.ClusterConnectionManager - slaves: [redis://192.168.9.94:6393] added for slot ranges: [[10924-16383]] 
[[34mv1[0;39m] [2026-04-19 04:01:02.799] [INFO ] [[35mredisson-netty-2-28[0;39m] [36morg.redisson.cluster.ClusterConnectionManager[0;39m [[34mTID: N/A[0;39m] master: redis://192.168.9.95:6385 added for slot ranges: [[10924-16383]]
64408 [redisson-netty-2-28] INFO  o.r.c.ClusterConnectionManager - master: redis://192.168.9.95:6385 added for slot ranges: [[10924-16383]] 
[[34mv1[0;39m] [2026-04-19 04:01:02.799] [INFO ] [[35mredisson-netty-2-28[0;39m] [36morg.redisson.connection.pool.SlaveConnectionPool[0;39m [[34mTID: N/A[0;39m] 4 connections initialized for 192.168.9.94/192.168.9.94:6393
64408 [redisson-netty-2-28] INFO  o.r.c.pool.SlaveConnectionPool - 4 connections initialized for 192.168.9.94/192.168.9.94:6393 
[[34mv1[0;39m] [2026-04-19 04:01:02.811] [INFO ] [[35mredisson-netty-2-8[0;39m] [36morg.redisson.connection.pool.SlaveConnectionPool[0;39m [[34mTID: N/A[0;39m] 4 connections initialized for 192.168.9.76/192.168.9.76:6415
64420 [redisson-netty-2-8] INFO  o.r.c.pool.SlaveConnectionPool - 4 connections initialized for 192.168.9.76/192.168.9.76:6415 
[[34mv1[0;39m] [2026-04-19 04:01:02.814] [INFO ] [[35mredisson-netty-2-7[0;39m] [36morg.redisson.cluster.ClusterConnectionManager[0;39m [[34mTID: N/A[0;39m] slaves: [redis://192.168.9.76:6415] added for slot ranges: [[0-5461]]
64423 [redisson-netty-2-7] INFO  o.r.c.ClusterConnectionManager - slaves: [redis://192.168.9.76:6415] added for slot ranges: [[0-5461]] 
[[34mv1[0;39m] [2026-04-19 04:01:02.814] [INFO ] [[35mredisson-netty-2-7[0;39m] [36morg.redisson.cluster.ClusterConnectionManager[0;39m [[34mTID: N/A[0;39m] master: redis://192.168.47.150:6412 added for slot ranges: [[0-5461]]
64423 [redisson-netty-2-7] INFO  o.r.c.ClusterConnectionManager - master: redis://192.168.47.150:6412 added for slot ranges: [[0-5461]] 
[[34mv1[0;39m] [2026-04-19 04:01:02.814] [INFO ] [[35mredisson-netty-2-7[0;39m] [36morg.redisson.connection.pool.PubSubConnectionPool[0;39m [[34mTID: N/A[0;39m] 1 connections initialized for 192.168.9.76/192.168.9.76:6415
64423 [redisson-netty-2-7] INFO  o.r.c.pool.PubSubConnectionPool - 1 connections initialized for 192.168.9.76/192.168.9.76:6415 
[[34mv1[0;39m] [2026-04-19 04:01:02.824] [INFO ] [[35mredisson-netty-2-32[0;39m] [36morg.redisson.cluster.ClusterConnectionManager[0;39m [[34mTID: N/A[0;39m] slaves: [redis://192.168.9.77:6411] added for slot ranges: [[5462-10923]]
64433 [redisson-netty-2-32] INFO  o.r.c.ClusterConnectionManager - slaves: [redis://192.168.9.77:6411] added for slot ranges: [[5462-10923]] 
[[34mv1[0;39m] [2026-04-19 04:01:02.824] [INFO ] [[35mredisson-netty-2-32[0;39m] [36morg.redisson.cluster.ClusterConnectionManager[0;39m [[34mTID: N/A[0;39m] master: redis://192.168.9.93:6393 added for slot ranges: [[5462-10923]]
64433 [redisson-netty-2-32] INFO  o.r.c.ClusterConnectionManager - master: redis://192.168.9.93:6393 added for slot ranges: [[5462-10923]] 
[[34mv1[0;39m] [2026-04-19 04:01:02.824] [INFO ] [[35mredisson-netty-2-32[0;39m] [36morg.redisson.connection.pool.SlaveConnectionPool[0;39m [[34mTID: N/A[0;39m] 4 connections initialized for 192.168.9.77/192.168.9.77:6411
64433 [redisson-netty-2-32] INFO  o.r.c.pool.SlaveConnectionPool - 4 connections initialized for 192.168.9.77/192.168.9.77:6411 
[[34mv1[0;39m] [2026-04-19 04:01:02.983] [INFO ] [[35mmain[0;39m] [36mcom.lixiang.framework.starter.dlock.config.RedissonAutoConfiguration[0;39m [[34mTID: N/A[0;39m] [dlock] 根据集群Redis地址信息：nodes=[redis://192.168.47.150:6412, redis://192.168.9.76:6415, redis://192.168.9.77:6411, redis://192.168.9.93:6393, redis://192.168.9.94:6393, redis://192.168.9.95:6385]，初始化RedissonClient成功！
64592 [main] INFO  c.l.f.s.d.c.RedissonAutoConfiguration - [dlock] 根据集群Redis地址信息：nodes=[redis://192.168.47.150:6412, redis://192.168.9.76:6415, redis://192.168.9.77:6411, redis://192.168.9.93:6393, redis://192.168.9.94:6393, redis://192.168.9.95:6385]，初始化RedissonClient成功！ 
